// Jest Snapshot v1, https://goo.gl/fbAQLP

exports[`Data Display/Empty CustomDescription smoke-test 1`] = `
<div class="_empty_1ysyh_325">
  <svg width="120"
       height="120"
       viewbox="0 0 48 48"
  >
    <g fill="currentColor"
       fill-rule="evenodd"
       clip-rule="evenodd"
    >
      <path d="M18.707 4.697a1 1 0 0 1 1.414 0l8.486 8.486a1 1 0 0 1-1.415 1.414L18.707 6.11a1 1 0 0 1 0-1.414">
      </path>
      <path d="M28.707 4.707a1 1 0 0 1 0 1.414l-8.485 8.485a1 1 0 0 1-1.414-1.414l8.485-8.485a1 1 0 0 1 1.414 0M24.316 15.051a1 1 0 0 0-.632 0L8.869 19.99a1 1 0 0 0-.527.41L4.398 25.46a1 1 0 0 0 .473 1.564l3.322 1.107.003 8.631a3 3 0 0 0 2.051 2.845L23.63 44.07a1 1 0 0 0 .747 0l13.382-4.46a3 3 0 0 0 2.051-2.846v-8.63l3.326-1.108a1 1 0 0 0 .472-1.564l-3.995-5.128a1 1 0 0 0-.48-.344zm-14.773 7.06 12.803 4.267-2.698 3.463-12.803-4.267zm14.46 2.71 11.65-3.883L24 17.054l-11.65 3.883zM10.195 36.762l-.003-7.964 9.493 3.163a1 1 0 0 0 1.105-.334l2.21-2.836v12.96l-12.121-4.04a1 1 0 0 1-.684-.95m27.613-7.964-9.49 3.163a1 1 0 0 1-1.105-.334l-2.213-2.84.004 12.963 12.12-4.04a1 1 0 0 0 .684-.948zm-9.451 1.042-2.7-3.464 12.803-4.267 2.7 3.465z">
      </path>
    </g>
  </svg>
  <span class="_empty__description_1ysyh_330">
    データが存在しません
  </span>
</div>
`;

exports[`Data Display/Empty CustomImage smoke-test 1`] = `
<div class="_empty_1ysyh_325">
  <svg fill="currentColor"
       version="1.1"
       id="Capa_1"
       xmlns="http://www.w3.org/2000/svg"
       xmlns:xlink="http://www.w3.org/1999/xlink"
       width="120px"
       height="120px"
       viewbox="0 0 462.035 462.035"
       xml:space="preserve"
  >
    <g id="SVGRepo_bgCarrier"
       stroke-width="0"
    >
    </g>
    <g id="SVGRepo_tracerCarrier"
       stroke-linecap="round"
       stroke-linejoin="round"
    >
    </g>
    <g id="SVGRepo_iconCarrier">
      <g>
        <path d="M457.83,158.441c-0.021-0.028-0.033-0.058-0.057-0.087l-50.184-62.48c-0.564-0.701-1.201-1.305-1.879-1.845 c-2.16-2.562-5.355-4.225-8.967-4.225H65.292c-3.615,0-6.804,1.661-8.965,4.225c-0.678,0.54-1.316,1.138-1.885,1.845l-50.178,62.48 c-0.023,0.029-0.034,0.059-0.057,0.087C1.655,160.602,0,163.787,0,167.39v193.07c0,6.5,5.27,11.771,11.77,11.771h438.496 c6.5,0,11.77-5.271,11.77-11.771V167.39C462.037,163.787,460.381,160.602,457.83,158.441z M408.516,134.615l16.873,21.005h-16.873 V134.615z M384.975,113.345v42.274H296.84c-2.514,0-4.955,0.805-6.979,2.293l-58.837,43.299l-58.849-43.305 c-2.023-1.482-4.466-2.287-6.978-2.287H77.061v-42.274H384.975z M53.523,155.62H36.65l16.873-21.005V155.62z M438.498,348.69H23.54 V179.16h137.796l62.711,46.148c4.15,3.046,9.805,3.052,13.954-0.005l62.698-46.144h137.799V348.69L438.498,348.69z">
        </path>
      </g>
    </g>
  </svg>
  <span class="_empty__description_1ysyh_330">
    No data
  </span>
</div>
`;

exports[`Data Display/Empty NoImage smoke-test 1`] = `
<div class="_empty_1ysyh_325">
  <span class="_empty__description_1ysyh_330">
    No data
  </span>
</div>
`;

exports[`Data Display/Empty Simple smoke-test 1`] = `
<div class="_empty_1ysyh_325">
  <svg width="120"
       height="120"
       viewbox="0 0 48 48"
  >
    <g fill="currentColor"
       fill-rule="evenodd"
       clip-rule="evenodd"
    >
      <path d="M18.707 4.697a1 1 0 0 1 1.414 0l8.486 8.486a1 1 0 0 1-1.415 1.414L18.707 6.11a1 1 0 0 1 0-1.414">
      </path>
      <path d="M28.707 4.707a1 1 0 0 1 0 1.414l-8.485 8.485a1 1 0 0 1-1.414-1.414l8.485-8.485a1 1 0 0 1 1.414 0M24.316 15.051a1 1 0 0 0-.632 0L8.869 19.99a1 1 0 0 0-.527.41L4.398 25.46a1 1 0 0 0 .473 1.564l3.322 1.107.003 8.631a3 3 0 0 0 2.051 2.845L23.63 44.07a1 1 0 0 0 .747 0l13.382-4.46a3 3 0 0 0 2.051-2.846v-8.63l3.326-1.108a1 1 0 0 0 .472-1.564l-3.995-5.128a1 1 0 0 0-.48-.344zm-14.773 7.06 12.803 4.267-2.698 3.463-12.803-4.267zm14.46 2.71 11.65-3.883L24 17.054l-11.65 3.883zM10.195 36.762l-.003-7.964 9.493 3.163a1 1 0 0 0 1.105-.334l2.21-2.836v12.96l-12.121-4.04a1 1 0 0 1-.684-.95m27.613-7.964-9.49 3.163a1 1 0 0 1-1.105-.334l-2.213-2.84.004 12.963 12.12-4.04a1 1 0 0 0 .684-.948zm-9.451 1.042-2.7-3.464 12.803-4.267 2.7 3.465z">
      </path>
    </g>
  </svg>
  <span class="_empty__description_1ysyh_330">
    No data
  </span>
</div>
`;
